// Jest Snapshot v1, https://goo.gl/fbAQLP

exports[`Cmp 1`] = `ShallowWrapper {}`;
